pilot 0.0025 0.5 -64.28953190480428 0.9333333333333333 0.5
pilot 0.0025 0.75 -56.016599165238084 0.8833333333333333 0.75
pilot 0.0025 1.0 -48.88732471873523 0.825 0.9999999999999999
pilot 0.0025 1.5 -37.7696992143258 0.6583333333333333 1.5000000000000002
pilot 0.0025 2.0 -29.98719409468655 0.44166666666666665 2.0
pilot 0.005 0.5 -64.89789888486712 0.9833333333333333 0.49999999999999994
pilot 0.005 0.75 -56.584976742646546 0.95 0.75
pilot 0.005 1.0 -49.363363534015306 0.925 1.0
pilot 0.005 1.5 -38.047777591601346 0.85 1.5000000000000002
pilot 0.005 2.0 -30.116477117115966 0.7416666666666667 2.0
pilot 0.01 0.5 -65.95454244609267 1.0 0.5
pilot 0.01 0.75 -57.72654716543898 0.9833333333333333 0.7500000000000001
pilot 0.01 1.0 -50.390618387256694 0.9666666666666667 1.0
pilot 0.01 1.5 -38.70007133707038 0.9333333333333333 1.5
pilot 0.01 2.0 -30.477981030456366 0.8916666666666666 2.0
pilot 0.02 0.5 -67.58879591572759 1.0 0.5
pilot 0.02 0.75 -60.125969755735966 1.0 0.7499999999999999
pilot 0.02 1.0 -53.01995075530954 1.0 1.0
pilot 0.02 1.5 -40.664451406025435 0.975 1.5
pilot 0.02 2.0 -31.54625070895267 0.9583333333333333 2.0
pilot 0.04 0.5 -69.50881705971602 1.0 0.5
pilot 0.04 0.75 -64.66719605801288 1.0 0.75
pilot 0.04 1.0 -60.54554266479828 1.0 1.0
pilot 0.04 1.5 -50.89716062064714 1.0 1.5
pilot 0.04 2.0 -39.55048054360385 1.0 2.0
SELECTED 0.0025 2.0
WROTE /home/soorajcnvd/Documents/4ph/000_PAP_JOUR/000_JOURNAL/02_2A_SIMODS_infGeAND_simods->CAM/200_SIMODSfromsimods_B/600_Paper1-2_Mathves_AMAI/02_PapB_AMAI/39/boundary-aware-lpg-audited-v1.0.1/boundary-aware-lpg/figures/state_dependent_policy.png
WROTE /home/soorajcnvd/Documents/4ph/000_PAP_JOUR/000_JOURNAL/02_2A_SIMODS_infGeAND_simods->CAM/200_SIMODSfromsimods_B/600_Paper1-2_Mathves_AMAI/02_PapB_AMAI/39/boundary-aware-lpg-audited-v1.0.1/boundary-aware-lpg/results/state_dependent_policy.json
WROTE /home/soorajcnvd/Documents/4ph/000_PAP_JOUR/000_JOURNAL/02_2A_SIMODS_infGeAND_simods->CAM/200_SIMODSfromsimods_B/600_Paper1-2_Mathves_AMAI/02_PapB_AMAI/39/boundary-aware-lpg-audited-v1.0.1/boundary-aware-lpg/results/state_dependent_policy.npz
{
  "design": {
    "K": 4,
    "features": "nine entries of Q_target^T Q plus bias",
    "H": 20,
    "T": 100,
    "batch": 10,
    "gamma": 0.98,
    "std": 0.35,
    "action_scale": 0.12,
    "action_penalty": 0.01,
    "tau": 0.0025,
    "nominal_L": 200.0,
    "R0": 2.0,
    "pilot_seeds": [
      100,
      101
    ],
    "eval_seeds": [
      110,
      111,
      112,
      113,
      114
    ],
    "no_action_clipping": true,
    "no_return_standardization": true,
    "gradient": "Monte Carlo pathwise"
  },
  "constrained": {
    "rows": [
      {
        "seed": 110,
        "return_curve": [
          -81.58829127022088,
          -72.66436207968131,
          -60.67351107269267,
          -64.46750776226841,
          -66.87105152698348,
          -68.03420819222889,
          -41.234474191854204,
          -58.31400177948791,
          -62.6003452602849,
          -53.28182902300159,
          -55.8846362941116,
          -47.16674216700435,
          -47.8736967122105,
          -42.0373917045703,
          -33.83170909830642,
          -37.387437742806824,
          -46.32449106125274,
          -46.09623173643536,
          -34.11520153914295,
          -41.2388467301913,
          -33.33620898738915,
          -45.18528500653476,
          -35.49533882814528,
          -31.873823602588015,
          -30.279456218907434,
          -35.519093081823016,
          -42.61580208871693,
          -28.474284990056116,
          -34.277464728691996,
          -36.53781544265984,
          -24.391998260566506,
          -32.138916633266774,
          -29.08198821215435,
          -35.08631207452285,
          -24.122140399772103,
          -28.75073878771142,
          -37.82180585012082,
          -25.919541261732167,
          -30.41540537046646,
          -27.732152778532587,
          -27.395348099787004,
          -25.845430133782592,
          -28.75227869727497,
          -25.179829934935004,
          -33.59323431679746,
          -28.73691503608549,
          -31.132219861800582,
          -30.434973965134553,
          -38.11513960874458,
          -21.535917402323484,
          -28.58449957254532,
          -28.038156776225627,
          -31.403267341998173,
          -29.172835710929384,
          -25.40452140259658,
          -27.252732405506627,
          -28.518007293889845,
          -30.934832694932112,
          -27.36070535896806,
          -29.621572430610314,
          -28.283889853482247,
          -32.41837331288001,
          -26.51444985895795,
          -27.45182613528441,
          -32.00509769069748,
          -34.43591707591363,
          -26.313522587735672,
          -33.15393621261745,
          -27.9764962229386,
          -33.40913449114979,
          -27.85982651976609,
          -27.836674964397332,
          -28.014954545366937,
          -29.375954083286267,
          -29.75817533986472,
          -30.786587690824568,
          -35.0187860370869,
          -32.02480837934814,
          -32.827863556512064,
          -23.347212003920127,
          -29.94241300612395,
          -30.629780178814325,
          -28.981606876267268,
          -30.76246572984845,
          -35.23629059623945,
          -26.0616569671234,
          -37.64998532780992,
          -28.897486804932157,
          -34.82092219557346,
          -34.972354895645005,
          -22.95664245293608,
          -24.71331836924919,
          -26.491188782045704,
          -24.947820204389355,
          -35.186854860758515,
          -25.709569443338644,
          -26.514400080020824,
          -29.645968863872355,
          -27.068673354415456,
          -31.48539911550327
        ],
        "norm_curve": [
          0.1588915326496239,
          0.23956922183748974,
          0.3336234400016236,
          0.42806079273666575,
          0.5051158800258421,
          0.5923751279044221,
          0.6514107830609068,
          0.7363124969729077,
          0.8189578621224008,
          0.8946178510168062,
          0.9669937668369611,
          1.0286298497466335,
          1.0947855337788757,
          1.1522997376441872,
          1.1981959030335914,
          1.2502332009265158,
          1.304440082161269,
          1.3636065746854422,
          1.4081324482066537,
          1.459604892331059,
          1.5017135212851689,
          1.5538585802343434,
          1.5966971578630518,
          1.6362018252833948,
          1.6720975143590666,
          1.7132133479303924,
          1.7560518213291472,
          1.790351540813431,
          1.827594459134126,
          1.8688762643679795,
          1.8974205704502443,
          1.9338692173968672,
          1.9667740232141644,
          2.0,
          1.9999999999999998,
          2.0000000000000004,
          2.0,
          2.0,
          2.0000000000000004,
          2.0,
          2.0,
          2.0,
          1.9999999999999998,
          2.0,
          2.0000000000000004,
          2.0,
          1.9999999999999998,
          2.0000000000000004,
          1.9999999999999998,
          1.9999999999999998,
          2.0,
          2.0,
          2.0,
          2.0000000000000004,
          1.9999999999999996,
          2.0,
          2.0,
          2.0,
          2.0,
          2.0,
          2.0,
          2.0,
          2.0000000000000004,
          1.9999999999999993,
          2.0000000000000004,
          2.0000000000000004,
          1.9999999999999998,
          1.9999999999999998,
          2.0,
          2.0,
          2.0,
          2.0,
          2.0,
          1.9999999999999998,
          1.9999999999999998,
          2.0000000000000004,
          1.9999999999999998,
          2.0,
          2.0,
          2.0,
          1.9999999999999998,
          2.0000000000000004,
          2.0,
          1.9999999999999998,
          2.0,
          2.0,
          1.9999999999999998,
          2.0,
          2.0,
          2.0,
          2.0000000000000004,
          2.0,
          1.9999999999999996,
          1.9999999999999998,
          2.0,
          2.0,
          2.0000000000000004,
          2.0,
          2.0,
          1.9999999999999998
        ],
        "mapping_curve": [
          63.55661305984955,
          53.111427917834156,
          48.30205367066922,
          53.9055561385449,
          51.149885578860086,
          52.33217405325924,
          36.92901128995667,
          49.696017106722444,
          46.64907563747582,
          42.19627432081669,
          40.97220546655008,
          36.57099947106978,
          37.66694108146842,
          33.838216268243045,
          23.472458201278634,
          28.08956274215859,
          29.787163426741483,
          33.99437857404439,
          26.28356330536737,
          29.700530933493695,
          27.77567576696071,
          30.418957770799587,
          25.911282690924935,
          24.97133571754575,
          22.498333070096923,
          22.590842967509325,
          27.310108751228135,
          22.138158017808202,
          25.392671701815175,
          22.909188863248463,
          16.458566202955335,
          21.97743945051744,
          18.181001710937934,
          21.84888148680298,
          9.547612608507572,
          15.357829250813879,
          18.80723477433436,
          12.096483958698418,
          15.370390061324354,
          11.039108416736452,
          13.35808061434677,
          15.795635712000479,
          13.146873895761583,
          12.414774627141087,
          15.312702025095671,
          14.609214137002922,
          18.262011724316192,
          16.73425147369544,
          18.261654834014053,
          12.024187091655829,
          13.379711759931446,
          12.309363702848222,
          16.29306376992643,
          15.238082229258898,
          12.657249740083255,
          13.760287927768795,
          15.603959959872295,
          14.506465933993857,
          12.596816393908798,
          16.970662316543677,
          13.306787446904359,
          19.22848465003423,
          14.980494658449738,
          12.816424732389418,
          18.77365773880762,
          16.08377709938832,
          9.749856426186543,
          16.05125049017419,
          15.82351494488491,
          16.878438168278702,
          17.18121016822044,
          13.76354885874307,
          14.506369312138183,
          15.28333589981265,
          14.837865542245133,
          18.794044055707076,
          13.697602660429359,
          16.748918893765794,
          16.07531536183472,
          12.191570023310137,
          12.795827527422489,
          13.783843312876197,
          15.574841882846654,
          14.741128710215019,
          18.549062771793803,
          14.940311962091082,
          20.280913034539125,
          16.223132536883814,
          16.10629542260082,
          16.57173282515205,
          10.793201886431024,
          12.899193128730886,
          13.974311179978741,
          12.713656440556784,
          15.265918490179896,
          12.832092806092515,
          14.486925320829712,
          17.5364390427309,
          14.225770182770663,
          11.200570012376083
        ],
        "active_count": 67,
        "active_fraction": 0.67,
        "final_return_mean": -29.633739905245335,
        "final_norm": 1.9999999999999998,
        "final_mapping_mean": 14.77475842385491
      },
      {
        "seed": 111,
        "return_curve": [
          -82.36910400972481,
          -60.45964750614257,
          -72.95877106914342,
          -81.92755463225669,
          -67.4600395935104,
          -63.60115749766114,
          -62.59903612203832,
          -60.86998552458207,
          -46.30876426101048,
          -51.95149971158988,
          -49.34267175832527,
          -63.870020883328074,
          -47.617519906396836,
          -40.66852716437983,
          -36.0777332305106,
          -47.03022391879285,
          -36.361078675888166,
          -38.47278813170191,
          -41.662926304376896,
          -26.209971092076074,
          -35.95431983081895,
          -37.736618703928386,
          -36.144122885427855,
          -37.9142346075523,
          -41.492994533199486,
          -30.360723634964017,
          -34.33655415318039,
          -34.87449141226518,
          -29.59967452317174,
          -33.78726672410323,
          -37.02125782917441,
          -24.685045998738836,
          -26.94682649942492,
          -29.260039029296657,
          -32.54364939617862,
          -31.356241212059075,
          -27.318701150275775,
          -34.22249754204174,
          -24.854066874163586,
          -36.85718193413989,
          -31.959932180492302,
          -24.65494541425978,
          -32.551296974499834,
          -26.647819289486346,
          -24.7536172364388,
          -34.046644309525206,
          -30.73286831520166,
          -32.33336560157496,
          -42.79147957839725,
          -29.594125949577954,
          -24.079021273277757,
          -24.330752752559924,
          -27.919946826986386,
          -30.02524027645269,
          -30.898424206149627,
          -29.154287626943027,
          -27.527709536090107,
          -19.87731115221471,
          -29.759524262168462,
          -21.587051918126196,
          -28.933980018636383,
          -32.419932220799765,
          -23.553212966681585,
          -36.72474053155587,
          -38.84880973481057,
          -25.514275672876007,
          -34.070590690569546,
          -27.146635613689234,
          -34.5863984626068,
          -37.26311643630784,
          -33.692108076253916,
          -32.476244752439825,
          -26.288382057014815,
          -31.58986952088719,
          -34.83379958470992,
          -37.72262611328728,
          -33.5093141718059,
          -28.784940598854433,
          -23.126985012247726,
          -36.736728325300945,
          -27.78417796621982,
          -25.988228316542195,
          -25.76741976794313,
          -33.13292857039117,
          -25.823971703551603,
          -39.26605161980094,
          -25.437858161279017,
          -30.374106825746416,
          -29.075504905402386,
          -31.670266103415855,
          -31.884217741962892,
          -25.982251599084798,
          -30.371691054618246,
          -29.756462266439947,
          -26.00506362411964,
          -25.07902209100422,
          -28.574221547302056,
          -23.045494588714426,
          -27.76966125181667,
          -33.954522938700734
        ],
        "norm_curve": [
          0.13686039717314666,
          0.23105571806688532,
          0.31629707731125134,
          0.4203083380765232,
          0.5153971020139388,
          0.6018592582470608,
          0.6891169050039173,
          0.7763866310107802,
          0.84297294749376,
          0.914675686326609,
          0.9834369900968524,
          1.0620790105280393,
          1.1230772182183506,
          1.1777043352501135,
          1.2278374138420265,
          1.289224985883677,
          1.3373778394844833,
          1.385506212661963,
          1.436144999956049,
          1.4703585221253967,
          1.5158757781078136,
          1.5627354714290456,
          1.6032377700127858,
          1.6444785027583468,
          1.6918053243028737,
          1.7277058909363274,
          1.7627769387902437,
          1.8035023058371915,
          1.8380642291792806,
          1.8743845239833659,
          1.915958769518721,
          1.9443404711607544,
          1.9745430305815155,
          2.0,
          2.0,
          2.0,
          1.9999999999999993,
          2.0,
          1.9999999999999998,
          1.9999999999999996,
          2.0,
          2.0,
          2.0,
          1.9999999999999998,
          1.9999999999999998,
          1.9999999999999998,
          1.9999999999999996,
          2.0,
          2.0,
          2.0,
          1.9999999999999996,
          1.9999999999999998,
          2.0000000000000004,
          2.0000000000000004,
          2.0,
          2.0,
          2.0000000000000004,
          2.0,
          1.9999999999999998,
          2.0,
          2.0,
          2.0,
          1.9999999999999996,
          2.0,
          2.0,
          1.9999999999999998,
          2.0,
          2.0,
          1.9999999999999998,
          2.0,
          2.0,
          2.0,
          2.0,
          2.0,
          2.0,
          2.0,
          2.0000000000000004,
          1.9999999999999998,
          2.0,
          2.0000000000000004,
          2.0,
          2.0,
          1.9999999999999996,
          2.0,
          2.0000000000000004,
          2.0,
          2.0,
          2.0000000000000004,
          2.0,
          2.0,
          2.0,
          1.9999999999999998,
          1.9999999999999998,
          2.0,
          2.0,
          1.9999999999999998,
          2.0,
          2.0,
          2.0,
          2.0
        ],
        "mapping_curve": [
          54.74415886925867,
          49.29711962532975,
          52.43538314710736,
          62.138279136513255,
          50.073135919412756,
          50.96932954153498,
          49.15566502941292,
          46.60133460553545,
          39.23021382589466,
          40.681943269035244,
          40.2963724349704,
          44.696731130989704,
          35.32160811220834,
          33.132561703632824,
          26.710958809919696,
          34.291252208486796,
          28.962385921589263,
          28.874518137342832,
          29.12526007105941,
          21.46143512565202,
          28.51936872654204,
          26.710036744525695,
          26.821596147661495,
          26.784123752683662,
          27.331403137893695,
          22.22946235383809,
          24.32844839032164,
          21.47512000039395,
          21.28317692007893,
          24.134172478037414,
          23.14049157988937,
          18.354240258657928,
          19.124027024039986,
          17.921395117750503,
          16.95806099617354,
          17.973144286732914,
          12.786557032523623,
          17.13963302865831,
          13.125399866766747,
          14.390734244420257,
          16.066207146518618,
          12.508982542180627,
          17.708753894748863,
          11.32651010470737,
          15.860399817384014,
          18.998927642382583,
          12.654540108042628,
          13.773785163411018,
          25.19690512949684,
          12.53306377307625,
          13.117267351789668,
          12.729717561394049,
          16.915166759363498,
          16.708052302734703,
          12.890760035265874,
          13.58970080057973,
          12.324146518373569,
          13.991877974358509,
          12.438571909813936,
          12.69580136834761,
          15.5918634562774,
          14.903565284474839,
          11.726693874020254,
          18.841921786638537,
          20.474341773761626,
          12.24101202995702,
          14.84123028856884,
          12.258991156955277,
          16.060354656999376,
          16.00774792906831,
          17.658749351998242,
          12.332933402462176,
          13.063157098356523,
          17.7067112139168,
          19.927555623285162,
          17.387326628033566,
          16.667342682071084,
          15.658256975639912,
          10.81779176295888,
          14.580599284012159,
          11.314602687474245,
          17.333873675038323,
          13.078275912417974,
          17.6131833019614,
          13.530388246884371,
          21.3052874747383,
          13.473749091227809,
          15.351959084266047,
          15.36265635661551,
          16.34048717874718,
          13.81732184187105,
          12.785450419862089,
          16.346340762905808,
          14.9469337148067,
          13.037531709612631,
          12.192798340002915,
          17.18294381919255,
          13.706822579606865,
          15.359077004792864,
          16.28317673884695
        ],
        "active_count": 67,
        "active_fraction": 0.67,
        "final_return_mean": -28.837156132202807,
        "final_norm": 2.0,
        "final_mapping_mean": 15.01814299704358
      },
      {
        "seed": 112,
        "return_curve": [
          -83.65305602410346,
          -77.50712494134291,
          -69.1401137680957,
          -66.27746015960959,
          -74.80924648046172,
          -49.34518246356933,
          -67.9387331237719,
          -54.107438492024606,
          -60.47827228799572,
          -57.562688905105645,
          -46.87608981383011,
          -41.417068186521746,
          -44.82186537471995,
          -42.15488222281276,
          -38.49280769508677,
          -58.04832719863687,
          -35.032322788748836,
          -35.14287346987859,
          -37.783815719924334,
          -41.20495532896918,
          -30.071408574624492,
          -33.98609994604906,
          -38.10613816913591,
          -29.92634542592475,
          -47.35894236222071,
          -43.18743984577935,
          -32.95785040251018,
          -33.22755439781762,
          -28.377131084666324,
          -26.879278935853726,
          -33.92127835377877,
          -25.37484645691284,
          -27.482805107987872,
          -28.447514000928116,
          -26.06509863065591,
          -31.559715852177288,
          -38.38345600429064,
          -32.031904402089175,
          -30.32926710153713,
          -25.69869944523827,
          -25.083997258999,
          -30.866367038472493,
          -33.13238520412624,
          -29.554030386972848,
          -26.20691011205534,
          -29.71975229312971,
          -32.14792205129017,
          -28.54495699497569,
          -24.37619347518205,
          -36.44086285620672,
          -26.708119599451912,
          -28.34830495400623,
          -37.28128343572513,
          -26.506191816657413,
          -26.380454342527486,
          -38.281520821034334,
          -28.855048988448317,
          -32.56706203653475,
          -36.119509036473445,
          -29.677167965928255,
          -31.957722326655364,
          -28.35339719729808,
          -28.013405006657628,
          -24.49012196472064,
          -35.77122463589057,
          -33.03278954852709,
          -27.457751154723077,
          -27.945275311501444,
          -27.064092587913223,
          -31.546371408488568,
          -25.120386215428848,
          -33.47191202715685,
          -31.407779253732002,
          -25.016540300515587,
          -26.06550981265942,
          -26.715740684608953,
          -21.607281982854328,
          -27.828556476219966,
          -36.87685954231067,
          -26.977056179181517,
          -23.020532182453486,
          -29.057763341588235,
          -24.101865931850845,
          -33.43211483440452,
          -30.85085018731088,
          -23.687218121793034,
          -36.29693035924383,
          -30.865872889568056,
          -20.727842315355456,
          -30.777833130770034,
          -28.543170994708316,
          -25.641834147569558,
          -34.21941286817757,
          -22.449521141060323,
          -25.575981992003154,
          -39.880194054164946,
          -27.376650458364292,
          -31.33107763918207,
          -25.296559015943824,
          -29.240931912258326
        ],
        "norm_curve": [
          0.14039837680177797,
          0.26703308533890874,
          0.3626161626803421,
          0.4445776387366203,
          0.5440480322644295,
          0.6033782608076455,
          0.6850884734280167,
          0.7615409987903312,
          0.8381092316764142,
          0.9127700954260086,
          0.9768135902536264,
          1.0362918032626403,
          1.096758613359398,
          1.153020919132281,
          1.2016833130486457,
          1.2641593543841603,
          1.3100753893780759,
          1.3576795768351977,
          1.407696826914404,
          1.4571355436911688,
          1.4943656313907998,
          1.5356464748209218,
          1.581470812118599,
          1.6170427587451706,
          1.6660149664925892,
          1.7166671666456492,
          1.7554154680229945,
          1.7942848736322383,
          1.8278059957001171,
          1.8590139417247151,
          1.896086014846026,
          1.9250337226090293,
          1.9559485671349233,
          1.9872127215216404,
          1.9999999999999998,
          1.9999999999999998,
          2.0,
          1.9999999999999996,
          2.0,
          2.0,
          2.0,
          2.0,
          2.0000000000000004,
          2.0000000000000004,
          2.0,
          2.0,
          2.0,
          2.0,
          1.9999999999999998,
          2.0,
          2.0000000000000004,
          2.0,
          1.9999999999999998,
          2.0,
          2.0,
          2.0,
          2.0,
          2.0,
          1.9999999999999998,
          2.0,
          2.0,
          2.0,
          2.0,
          1.9999999999999998,
          2.0000000000000004,
          2.0,
          2.0000000000000004,
          1.9999999999999996,
          2.0,
          2.0,
          2.0,
          2.0,
          2.0,
          2.0,
          1.9999999999999996,
          1.9999999999999996,
          1.9999999999999998,
          2.0,
          2.0,
          2.0,
          2.0000000000000004,
          2.0,
          1.9999999999999996,
          1.9999999999999996,
          2.0,
          1.9999999999999998,
          2.0,
          1.9999999999999998,
          2.0,
          2.0,
          2.0000000000000004,
          1.9999999999999998,
          2.0,
          2.0,
          2.0,
          2.0,
          2.0,
          2.0,
          2.0,
          2.0
        ],
        "mapping_curve": [
          56.15935072071118,
          60.448379997432774,
          57.147449908105756,
          49.477416083005316,
          50.02007821861564,
          43.143916165321535,
          46.571673435327604,
          47.309851745028006,
          42.04874853859507,
          40.821134930026716,
          37.416177020465916,
          32.94415543023376,
          32.02551300519425,
          37.30442284881957,
          29.991573749042505,
          37.180150422218944,
          26.6225126226056,
          26.792825097194704,
          27.90644705778573,
          33.45815972563164,
          21.17759127793321,
          26.42397450026088,
          27.4892572545974,
          20.83123691055216,
          31.621160070161647,
          30.220877518078495,
          24.929711415430543,
          23.194754424311046,
          20.06246363493237,
          20.693065873650752,
          24.08882261763103,
          17.0269224048733,
          20.1031081523037,
          19.560864789984127,
          11.693757520073287,
          16.766379798301333,
          18.56649413598226,
          14.218939266639987,
          13.671689580285268,
          13.782564258868753,
          10.432234125165953,
          13.153601355641333,
          13.84342097741169,
          15.540438275640238,
          12.754630116728265,
          13.25010711951916,
          17.616909555001964,
          12.998081706497395,
          11.297117176763528,
          21.175813027298624,
          14.478731202241429,
          14.87054067333723,
          19.05933044664933,
          13.879355961007512,
          12.807592865383416,
          16.963776970352274,
          14.775489853342592,
          16.92317316418122,
          12.719849895352453,
          15.803983069470542,
          15.239498584107166,
          12.979417296878163,
          13.917471046460326,
          11.290495944465526,
          15.203183500704624,
          17.15109101689117,
          12.864386709450795,
          15.427768445117039,
          15.505732198138812,
          14.50887462429152,
          11.972911972675954,
          17.805234045696825,
          17.75685169267506,
          12.382952114779604,
          11.565573370155432,
          11.40167729672021,
          8.267668866449927,
          13.786285629755547,
          18.243996868822215,
          12.314652605350622,
          13.869620499022302,
          16.956634306556357,
          12.468631898094845,
          15.762803901648672,
          17.78515873272525,
          11.550600514377063,
          15.855660288697324,
          12.370759952538435,
          12.756967266061661,
          16.098034963465317,
          15.656556773090779,
          12.876046862822436,
          19.27384636519154,
          12.129659104393069,
          11.77453896642148,
          22.031486667421266,
          15.020629429192061,
          16.222693954625885,
          13.967014573270639,
          14.278946073522341
        ],
        "active_count": 66,
        "active_fraction": 0.66,
        "final_return_mean": -28.61870787588854,
        "final_norm": 2.0,
        "final_mapping_mean": 14.935314554656935
      },
      {
        "seed": 113,
        "return_curve": [
          -97.96096540078352,
          -80.38536993000898,
          -79.64337206267128,
          -78.85471510285306,
          -63.96332714634541,
          -60.98848245911154,
          -44.5286239629131,
          -59.67310988114792,
          -44.33539814837568,
          -54.22197975341967,
          -58.30726283985096,
          -51.674127450416606,
          -49.54477786025997,
          -39.60584100273083,
          -46.30257443078394,
          -39.11544624568473,
          -45.1577392303509,
          -40.08398302265117,
          -38.7262371442969,
          -36.65316433486651,
          -35.08000720722025,
          -37.88141164216648,
          -26.27887000247161,
          -42.83482155898166,
          -36.87042435405446,
          -34.36511785228695,
          -31.391461138147953,
          -30.512514352426045,
          -30.907146535465937,
          -29.594989331854002,
          -23.87246434320061,
          -30.047507326109347,
          -27.26857355760826,
          -34.450091323994755,
          -27.40950846965336,
          -25.07866326714504,
          -32.164960743021425,
          -30.269941240895406,
          -39.823540762505075,
          -26.132700229236026,
          -29.9155655004695,
          -28.46730385385997,
          -34.174650819285276,
          -30.559605792207332,
          -26.933989375074713,
          -24.702989295214618,
          -27.692479670118427,
          -30.24272860379396,
          -29.373375455202726,
          -35.54106475609704,
          -27.702615860803046,
          -29.252060692235943,
          -30.172633919943543,
          -29.891445338378254,
          -29.563521589237048,
          -32.09794090774534,
          -35.653444261789694,
          -22.16621011132927,
          -33.53753287520273,
          -33.32429497663912,
          -29.875389955844504,
          -31.60984211707433,
          -26.075410315187856,
          -27.20047665792918,
          -32.66056088586718,
          -31.318366439266278,
          -29.587450752246603,
          -35.281897736934845,
          -21.148881784782528,
          -27.625852613212782,
          -22.438250068268257,
          -41.75349047873756,
          -32.54519623447064,
          -25.835588354778167,
          -27.1517715792734,
          -31.041947760116262,
          -30.944725050032652,
          -25.181017013779545,
          -32.8793722509839,
          -38.08172015435933,
          -29.616817033473847,
          -28.116392422255615,
          -28.73637892414401,
          -33.77275294312227,
          -32.57900664571302,
          -29.934146600336305,
          -25.26965407968445,
          -33.82824988897337,
          -25.73074744224092,
          -32.02771311111619,
          -31.36243285028546,
          -29.57205010532466,
          -32.80125206467512,
          -26.198246710531862,
          -28.02930774597676,
          -37.39373716666122,
          -26.675068741597364,
          -35.662055138724924,
          -25.03602416020184,
          -25.7853734845835
        ],
        "norm_curve": [
          0.15529128660705827,
          0.2649892415588952,
          0.3707653301794672,
          0.4621304873406244,
          0.5380484389111945,
          0.6179742146598275,
          0.6775037330597223,
          0.7567189993627933,
          0.8212680031356132,
          0.895901520144376,
          0.9741564268189267,
          1.042997182165748,
          1.1109993818188466,
          1.164117666909344,
          1.2218076656366879,
          1.2705165944081587,
          1.327921820118879,
          1.3809634167746314,
          1.431835434286776,
          1.478720585476098,
          1.5211051972811875,
          1.5676237884062816,
          1.6007893861907365,
          1.6497236371660164,
          1.6944780975828737,
          1.7352784547534448,
          1.7729426720763048,
          1.8075968242183995,
          1.8441719359593998,
          1.878421837597275,
          1.905685083866502,
          1.9371837487570105,
          1.9680764700613471,
          1.9999999999999996,
          2.0,
          1.9999999999999996,
          1.9999999999999993,
          2.0,
          2.0,
          1.9999999999999998,
          1.9999999999999998,
          2.0,
          2.0000000000000004,
          2.0000000000000004,
          2.0,
          2.0,
          1.9999999999999998,
          1.9999999999999998,
          1.9999999999999996,
          1.9999999999999998,
          2.0,
          2.0,
          1.9999999999999998,
          1.9999999999999998,
          2.0,
          2.0000000000000004,
          1.9999999999999996,
          1.9999999999999998,
          2.0,
          2.0,
          1.9999999999999998,
          2.0,
          1.9999999999999998,
          1.9999999999999998,
          2.0,
          2.0000000000000004,
          2.0000000000000004,
          2.0,
          2.0,
          1.9999999999999998,
          1.9999999999999998,
          2.0,
          2.0,
          1.9999999999999998,
          2.0,
          1.9999999999999996,
          2.0,
          2.0,
          1.9999999999999998,
          1.9999999999999998,
          2.0,
          2.0000000000000004,
          2.0,
          2.0,
          2.0,
          2.0,
          2.0,
          2.0,
          1.9999999999999996,
          2.0,
          2.0000000000000004,
          1.9999999999999996,
          2.0,
          1.9999999999999996,
          1.9999999999999998,
          2.0,
          2.0,
          2.0,
          1.9999999999999998,
          1.9999999999999996
        ],
        "mapping_curve": [
          62.11651464282331,
          55.95966456514985,
          56.010975804969235,
          50.364914974583414,
          48.36088808241053,
          50.57660192061386,
          42.48978162831976,
          47.57650677312983,
          35.847349537262716,
          43.99111185708024,
          43.74501075674663,
          45.10830512446547,
          37.34170936475111,
          33.70953671565,
          35.47496068499688,
          31.359288002019454,
          31.480446739493885,
          35.30627548946949,
          32.65394474650858,
          27.73838629236023,
          28.252109257315826,
          27.37766488366649,
          20.001563742851484,
          28.919727882262872,
          27.642873525051105,
          26.994110247812046,
          22.729660283252006,
          21.203086389758045,
          21.073133721022504,
          21.295929849764562,
          18.73110413752422,
          18.756558524835476,
          19.749673075882757,
          22.695019922030294,
          11.687974268765007,
          11.416089304767967,
          15.945109274527905,
          15.436512113026772,
          21.136915677292485,
          15.6689866263094,
          13.890546316630331,
          11.937330593352554,
          15.509476715340993,
          17.305377449964542,
          13.924320073951705,
          16.525161259003966,
          14.29758671466183,
          11.76289387963344,
          12.934448172998747,
          17.116203035252454,
          14.505847962306929,
          16.90828014037791,
          11.17169338413591,
          11.80193809882679,
          15.86471054322277,
          14.494107370038291,
          14.764562737887013,
          9.758603570024198,
          16.538540759999425,
          14.545555618898787,
          17.908773056091583,
          13.120149272501795,
          14.555771701632123,
          16.911161804785692,
          14.738163292033724,
          14.164053137923958,
          15.15496825477822,
          18.792606654948337,
          17.44623771682031,
          16.573179532442786,
          10.498937067073152,
          19.592301900903756,
          15.322977930058734,
          13.930861069184672,
          14.718824594948853,
          14.510425301031894,
          14.346237839405102,
          16.511847261245105,
          17.617732433137498,
          20.69301789473172,
          12.746969244793178,
          16.01031462469748,
          16.63181552795998,
          14.678451273491966,
          12.356427625348038,
          12.802153042507866,
          14.300135722397483,
          17.837912769392847,
          13.942818579439846,
          15.485199245273979,
          16.129498366379373,
          18.11892345953648,
          13.783725473970565,
          11.496108089506876,
          11.94593644668276,
          18.17908472343674,
          12.487120821872718,
          13.720154889656309,
          16.318232000038627,
          14.047126290270194
        ],
        "active_count": 67,
        "active_fraction": 0.67,
        "final_return_mean": -29.906370362981136,
        "final_norm": 1.9999999999999996,
        "final_mapping_mean": 14.650905410832664
      },
      {
        "seed": 114,
        "return_curve": [
          -88.7066429424096,
          -74.10354339072872,
          -63.22518558394172,
          -67.68802114908051,
          -73.46044316449513,
          -62.810745925507604,
          -63.3265309590967,
          -53.84553169816638,
          -58.649071116616064,
          -55.74458652617024,
          -53.57832515092546,
          -54.7058233118885,
          -37.761622394016705,
          -39.91871173273516,
          -46.99640756606803,
          -33.475148709964785,
          -42.38736661590534,
          -33.489228617611744,
          -41.007944075219655,
          -34.19032341582747,
          -31.97710792503433,
          -39.429527049756004,
          -41.10952602584557,
          -40.11123585678844,
          -30.790834537712925,
          -36.613460792732255,
          -34.96260961587782,
          -33.728166676646,
          -41.13362313899786,
          -32.04544198138923,
          -46.89882880811843,
          -43.055323241671644,
          -32.46825455642634,
          -27.80673588159997,
          -36.06445805751557,
          -27.06981593833094,
          -25.63817947644602,
          -26.144170096104,
          -29.562351078933915,
          -33.46573326849329,
          -30.89462242276797,
          -27.131517754613487,
          -25.184910435266538,
          -28.46782503171038,
          -25.156034198638945,
          -23.775943596536386,
          -33.320743557446384,
          -29.057291297362998,
          -27.2214795026887,
          -22.22233849564939,
          -27.43926524908835,
          -33.81757394502419,
          -30.753293438082164,
          -30.858704035313405,
          -33.01764049872647,
          -35.25386753806062,
          -29.796956889724925,
          -26.630251406922515,
          -26.134090551725603,
          -28.110998261884305,
          -32.655529319306744,
          -34.511061984414994,
          -24.553171122713234,
          -25.432067526679603,
          -26.90636619223426,
          -28.575066162782313,
          -34.7084737577306,
          -32.04595573580936,
          -28.117561586197734,
          -27.163068977703926,
          -27.881585217380565,
          -24.719104273989227,
          -29.53140778845475,
          -41.11195150724692,
          -23.219419764528684,
          -29.51051090985927,
          -32.277657165299644,
          -24.863623773001375,
          -31.825353937960397,
          -25.067270622432865,
          -35.19829052555568,
          -27.101751219013835,
          -31.23753394837046,
          -27.936489972833424,
          -27.267734498279594,
          -26.49189396542254,
          -26.42096039236481,
          -28.49452862321731,
          -26.123785694829074,
          -39.02109901110261,
          -34.569766548294886,
          -33.07296774741821,
          -29.937854240399226,
          -29.343511610614534,
          -22.792130540830893,
          -30.02015232520377,
          -23.300626587810903,
          -36.20027003901001,
          -21.222333046097862,
          -26.51297926800575
        ],
        "norm_curve": [
          0.14206627761061758,
          0.25782728328713955,
          0.3378819091877221,
          0.4339514439291828,
          0.5191921419500457,
          0.6154206261310214,
          0.6960435162649643,
          0.7698868396058623,
          0.8431872576528001,
          0.9181346852861306,
          0.9897448710598619,
          1.0545024007638906,
          1.1080624568831685,
          1.1642184418895067,
          1.222772723405045,
          1.2698436055508167,
          1.3254569856555363,
          1.367524187361339,
          1.4191471760721002,
          1.4622201275798854,
          1.5039154606304554,
          1.5518359329777731,
          1.5958925761527585,
          1.6434128838969675,
          1.6800502173656355,
          1.7239036831318484,
          1.7664075987237167,
          1.8056397379410516,
          1.8507437771228001,
          1.8878470175906554,
          1.9331227738187808,
          1.9756927559676802,
          2.0,
          2.0,
          2.0,
          2.0,
          2.0,
          2.0,
          2.0,
          2.0,
          2.0,
          2.0,
          2.0000000000000004,
          2.0,
          1.9999999999999998,
          2.0,
          2.0,
          2.0000000000000004,
          2.0,
          1.9999999999999998,
          2.0,
          2.0,
          2.0,
          1.9999999999999998,
          2.0,
          1.9999999999999998,
          2.0,
          2.0,
          2.0,
          2.0000000000000004,
          2.0,
          2.0,
          1.9999999999999996,
          1.9999999999999998,
          2.0,
          1.9999999999999998,
          2.0,
          1.9999999999999998,
          1.9999999999999998,
          2.0,
          1.9999999999999996,
          2.0,
          2.0,
          1.9999999999999998,
          1.9999999999999998,
          2.0,
          2.0,
          1.9999999999999998,
          2.0,
          2.0,
          2.0,
          2.0000000000000004,
          2.0,
          2.0,
          1.9999999999999998,
          2.0,
          2.0,
          2.0,
          1.9999999999999998,
          1.9999999999999998,
          1.9999999999999998,
          2.0,
          2.0,
          1.9999999999999998,
          2.0,
          1.9999999999999998,
          2.0000000000000004,
          1.9999999999999998,
          2.0,
          2.0
        ],
        "mapping_curve": [
          56.82651104424702,
          56.6233715103997,
          50.624896271224515,
          48.45548180043167,
          55.6859952866592,
          50.6833293483791,
          42.288793298044794,
          43.59357954447177,
          41.57169629321337,
          47.7627666902451,
          38.62327374453997,
          43.31870646862154,
          26.72088115956026,
          32.290056700135146,
          31.902589754032903,
          28.706902730278546,
          34.5658564048856,
          24.824130066498483,
          34.09308509135966,
          28.098120073109968,
          24.684890085617806,
          29.424016270518248,
          26.494163429061267,
          26.848235906826968,
          25.045693039870674,
          27.91033563330057,
          24.83120467538563,
          22.564752826600365,
          30.017743709363394,
          20.759581394176223,
          25.69133338867473,
          26.88010804162434,
          20.113315394555304,
          13.302114991728025,
          16.90284977225129,
          16.11655420901089,
          11.681429558974482,
          12.705867453726306,
          15.522483373085125,
          14.707778301753832,
          13.891609917319817,
          15.761467984921644,
          14.584280368756092,
          15.780174789929339,
          11.790100438969283,
          15.018205573226178,
          16.00848729432089,
          14.182872519375536,
          10.13716562340776,
          10.725442907991054,
          14.114814072824947,
          17.228890115480816,
          16.4356742852102,
          13.115356537750948,
          15.742781003514594,
          15.903156373686262,
          11.442955906676941,
          13.136355370377638,
          13.865337121913193,
          12.712386360597913,
          19.79434943569271,
          11.498141216323893,
          13.7552168703317,
          15.492955901155387,
          12.699975015880568,
          14.056914838261736,
          20.181184026126026,
          14.059173499175735,
          11.869667569275185,
          14.02702956190281,
          14.627016932107365,
          11.800009833655208,
          13.084329901195078,
          16.19338774491043,
          13.995969815981526,
          16.24544154219502,
          16.079582512807043,
          17.30316086984815,
          16.04310314385621,
          12.393731134514626,
          12.502973135536024,
          14.595927050835842,
          13.344114452608881,
          16.165590135637814,
          14.418932176324601,
          12.281818947791857,
          15.268000876515721,
          12.0081028051596,
          16.557290788274845,
          21.851455093007505,
          14.565278169280589,
          16.476636430276663,
          17.84036990796257,
          15.422173287146148,
          11.088206539789224,
          13.308247994454096,
          12.391854329901044,
          18.743384186723414,
          14.919088308026001,
          16.061539490146068
        ],
        "active_count": 68,
        "active_fraction": 0.68,
        "final_return_mean": -29.113332990233772,
        "final_norm": 2.0,
        "final_mapping_mean": 14.990549205269925
      }
    ],
    "final_mean": -29.221861453310318,
    "final_sd": 0.5389265153826628,
    "active_mean": 0.67,
    "active_sd": 0.007071067811865481,
    "norm_mean": 2.0,
    "norm_sd": 2.482534153247273e-16,
    "mapping_mean": 14.8739341183316,
    "mapping_sd": 0.15631735340971248
  },
  "unconstrained": {
    "rows": [
      {
        "seed": 110,
        "return_curve": [
          -81.58829127022088,
          -72.66436207968131,
          -60.67351107269267,
          -64.46750776226841,
          -66.87105152698348,
          -68.03420819222889,
          -41.234474191854204,
          -58.31400177948791,
          -62.6003452602849,
          -53.28182902300159,
          -55.8846362941116,
          -47.16674216700435,
          -47.8736967122105,
          -42.0373917045703,
          -33.83170909830642,
          -37.387437742806824,
          -46.32449106125274,
          -46.09623173643536,
          -34.11520153914295,
          -41.2388467301913,
          -33.33620898738915,
          -45.18528500653476,
          -35.49533882814528,
          -31.873823602588015,
          -30.279456218907434,
          -35.519093081823016,
          -42.61580208871693,
          -28.474284990056116,
          -34.277464728691996,
          -36.53781544265984,
          -24.391998260566506,
          -32.138916633266774,
          -29.08198821215435,
          -35.08631207452285,
          -24.090589132968237,
          -28.38558495889719,
          -37.00755286219804,
          -24.878734195257316,
          -28.90837671400441,
          -25.958309726921907,
          -25.36437699444601,
          -23.674734112412477,
          -26.09216813282803,
          -22.53214267216844,
          -29.88692747490949,
          -25.24904552177376,
          -26.971635069875354,
          -26.716209087814935,
          -32.47550673713749,
          -18.151053813620344,
          -23.75452163061498,
          -23.295499887399234,
          -25.822447556357872,
          -23.6840634076048,
          -20.42287329869402,
          -21.65496402786456,
          -22.6808903196931,
          -24.51127522939786,
          -21.37976696948443,
          -22.9795307184305,
          -21.683542435205368,
          -24.838755342000344,
          -19.9655854301683,
          -20.616929715355887,
          -23.93883832738146,
          -25.597252593977874,
          -19.383173264198728,
          -24.044080669710592,
          -20.30220895419763,
          -24.318161555821483,
          -20.188312077791146,
          -19.592710639185615,
          -20.036146715295075,
          -20.81488193420455,
          -20.691142512383998,
          -21.40226156016192,
          -24.44049080677933,
          -21.869235634412284,
          -22.643138986764562,
          -15.831549761449292,
          -20.401085002290166,
          -20.578716905637027,
          -19.34951022313509,
          -20.37088415504075,
          -23.579446246009525,
          -17.117392404312156,
          -25.23193750301447,
          -18.77148618450468,
          -22.71986970182717,
          -22.450699003118075,
          -14.51901596381568,
          -15.818882342168262,
          -16.84067114420693,
          -15.772406369062974,
          -24.22629962889467,
          -16.179435243322537,
          -16.500272823094562,
          -18.255026179391024,
          -16.661864047637696,
          -19.447053698855434
        ],
        "norm_curve": [
          0.1588915326496239,
          0.23956922183748974,
          0.3336234400016236,
          0.42806079273666575,
          0.5051158800258421,
          0.5923751279044221,
          0.6514107830609068,
          0.7363124969729077,
          0.8189578621224008,
          0.8946178510168062,
          0.9669937668369611,
          1.0286298497466335,
          1.0947855337788757,
          1.1522997376441872,
          1.1981959030335914,
          1.2502332009265158,
          1.304440082161269,
          1.3636065746854422,
          1.4081324482066537,
          1.459604892331059,
          1.5017135212851689,
          1.5538585802343434,
          1.5966971578630518,
          1.6362018252833948,
          1.6720975143590666,
          1.7132133479303924,
          1.7560518213291472,
          1.790351540813431,
          1.827594459134126,
          1.8688762643679795,
          1.8974205704502443,
          1.9338692173968672,
          1.9667740232141644,
          2.0029589469724565,
          2.029730879701785,
          2.0604706374985655,
          2.0943361361053694,
          2.1212063663277085,
          2.1513257576031695,
          2.1791086673636446,
          2.2058122548982486,
          2.2307245504969355,
          2.2575933067572973,
          2.2811257817432864,
          2.31141673042358,
          2.336813145260665,
          2.3641509348234537,
          2.386924160448082,
          2.4187768124241478,
          2.4362754700395586,
          2.4598868303520387,
          2.481889440434494,
          2.5064161807493917,
          2.5291843799402476,
          2.54869225295152,
          2.5694196324054652,
          2.590761620437074,
          2.613248915146052,
          2.632661484020792,
          2.654285328582919,
          2.6741492834475435,
          2.6965591679587955,
          2.7150587792564798,
          2.7335533713458284,
          2.7550677447861442,
          2.7776724076321244,
          2.7947260838474377,
          2.815974506248089,
          2.83395352449548,
          2.854710298339896,
          2.8718708501242727,
          2.888899067257561,
          2.9055494236190342,
          2.923226545873059,
          2.941017588224243,
          2.959203679747094,
          2.9795296456450306,
          2.9979407574136188,
          3.016406129108475,
          3.0294720364319554,
          3.0461118109055985,
          3.063114454855632,
          3.0794604079633165,
          3.0961015573269406,
          3.115096732446659,
          3.128749699824492,
          3.148589859222836,
          3.1634454466365285,
          3.1813178754018026,
          3.199178771480548,
          3.2108369212997796,
          3.223139078135248,
          3.2362545150406548,
          3.248386910025135,
          3.2637554092295,
          3.2763474973936617,
          3.2894236378921753,
          3.3038672339077038,
          3.31661662967229,
          3.33147314664996
        ],
        "mapping_curve": [
          63.55661305984955,
          53.111427917834156,
          48.30205367066922,
          53.9055561385449,
          51.149885578860086,
          52.33217405325924,
          36.92901128995667,
          49.696017106722444,
          46.64907563747582,
          42.19627432081669,
          40.97220546655008,
          36.57099947106978,
          37.66694108146842,
          33.838216268243045,
          23.472458201278634,
          28.08956274215859,
          29.787163426741483,
          33.99437857404439,
          26.28356330536737,
          29.700530933493695,
          27.77567576696071,
          30.418957770799587,
          25.911282690924935,
          24.97133571754575,
          22.498333070096923,
          22.590842967509325,
          27.310108751228135,
          22.138158017808202,
          25.392671701815175,
          22.909188863248463,
          16.458566202955335,
          21.97743945051744,
          18.181001710937934,
          22.598227046539222,
          14.376780567349412,
          19.57566484475957,
          23.128077310254724,
          15.75564305116392,
          18.879398700421838,
          15.090235157613655,
          16.19972059762539,
          17.293479168728833,
          15.84486028879211,
          14.27835715291504,
          17.937246924160185,
          15.997596804048243,
          18.766195124180648,
          18.137178008050935,
          19.59692370266541,
          11.609548020911992,
          13.986881913466176,
          12.969916456114863,
          15.947518121173964,
          14.769973764994603,
          12.02056219700962,
          12.969616459696354,
          14.112877872425523,
          13.787464170350887,
          11.686455962168598,
          14.987174168373375,
          11.988583915083604,
          15.81602359108645,
          12.504391595732006,
          11.110735874423726,
          15.310451231169115,
          13.853982752008136,
          9.046764438825718,
          13.094924544974663,
          12.078288739757086,
          14.058617152952637,
          13.002639505267124,
          10.314203453682145,
          11.11520472129989,
          11.540002020785288,
          11.179875416369942,
          13.094868269395407,
          11.74987966773963,
          12.265087507472256,
          11.767325011229937,
          8.49721924237852,
          9.81385776794171,
          10.280758965722415,
          10.997335374284742,
          10.34419390820334,
          12.735858044470527,
          9.42908529043629,
          14.770087481932958,
          10.196631061391026,
          11.009194648082504,
          11.21863416138327,
          7.049026410863454,
          7.981148316725204,
          8.595631212510378,
          7.933463582632001,
          16.144467742090637,
          7.8274674515048,
          9.049808893130164,
          10.33390708920139,
          8.41167542647416,
          7.946739406106438
        ],
        "active_count": 0,
        "active_fraction": 0.0,
        "final_return_mean": -19.239597738466944,
        "final_norm": 3.33147314664996,
        "final_mapping_mean": 10.10344861175437
      },
      {
        "seed": 111,
        "return_curve": [
          -82.36910400972481,
          -60.45964750614257,
          -72.95877106914342,
          -81.92755463225669,
          -67.4600395935104,
          -63.60115749766114,
          -62.59903612203832,
          -60.86998552458207,
          -46.30876426101048,
          -51.95149971158988,
          -49.34267175832527,
          -63.870020883328074,
          -47.617519906396836,
          -40.66852716437983,
          -36.0777332305106,
          -47.03022391879285,
          -36.361078675888166,
          -38.47278813170191,
          -41.662926304376896,
          -26.209971092076074,
          -35.95431983081895,
          -37.736618703928386,
          -36.144122885427855,
          -37.9142346075523,
          -41.492994533199486,
          -30.360723634964017,
          -34.33655415318039,
          -34.87449141226518,
          -29.59967452317174,
          -33.78726672410323,
          -37.02125782917441,
          -24.685045998738836,
          -26.94682649942492,
          -29.260039029296657,
          -32.44022776591565,
          -30.856206272647626,
          -26.491906607328758,
          -32.79475295475954,
          -23.410588557741058,
          -34.438784944497456,
          -29.432521858495562,
          -22.375635249894476,
          -29.398938924226353,
          -23.629973995044388,
          -21.74338674454259,
          -30.212594713463083,
          -26.571429361619874,
          -27.58424885151078,
          -36.506297610019715,
          -24.774986672085873,
          -19.767326373321115,
          -20.046096719403227,
          -22.764271618868346,
          -24.18717067348549,
          -24.95426116609483,
          -23.27398019101998,
          -21.668258404440145,
          -15.387793463306949,
          -23.12734472084734,
          -16.503508469676138,
          -22.338388308028364,
          -24.77759089006135,
          -17.787375930280536,
          -28.035192423553802,
          -29.431771588821533,
          -18.92266274661082,
          -25.274610074378906,
          -19.711568749337992,
          -25.73041463559098,
          -27.05195375466147,
          -24.812148684696126,
          -23.0541290980403,
          -18.512141153422377,
          -22.318077620872923,
          -24.775170454507606,
          -26.443362904421512,
          -22.777563602605632,
          -19.758625357631352,
          -15.524739631627597,
          -26.340807086210862,
          -18.637159375902865,
          -17.32605074408133,
          -17.117102415625396,
          -21.892009552486847,
          -16.719325272829256,
          -25.984567992912957,
          -16.286039044232815,
          -19.88129581338985,
          -18.632543045489427,
          -20.543803846761058,
          -20.312562036961204,
          -16.301997441780255,
          -18.811019731343286,
          -18.58096341387651,
          -15.973967145452312,
          -15.311100014115908,
          -17.658524070299052,
          -14.124394801171215,
          -16.88893388173673,
          -20.759425864099352
        ],
        "norm_curve": [
          0.13686039717314666,
          0.23105571806688532,
          0.31629707731125134,
          0.4203083380765232,
          0.5153971020139388,
          0.6018592582470608,
          0.6891169050039173,
          0.7763866310107802,
          0.84297294749376,
          0.914675686326609,
          0.9834369900968524,
          1.0620790105280393,
          1.1230772182183506,
          1.1777043352501135,
          1.2278374138420265,
          1.289224985883677,
          1.3373778394844833,
          1.385506212661963,
          1.436144999956049,
          1.4703585221253967,
          1.5158757781078136,
          1.5627354714290456,
          1.6032377700127858,
          1.6444785027583468,
          1.6918053243028737,
          1.7277058909363274,
          1.7627769387902437,
          1.8035023058371915,
          1.8380642291792806,
          1.8743845239833659,
          1.915958769518721,
          1.9443404711607544,
          1.9745430305815155,
          2.0075201157111486,
          2.042266137319921,
          2.0720324540715342,
          2.100143834341897,
          2.1352921396988274,
          2.160605261327238,
          2.1967003693044975,
          2.226541974986782,
          2.2498542619448334,
          2.279151560463348,
          2.3035117721164347,
          2.326097977068356,
          2.352261323763313,
          2.3784272003759637,
          2.4056439612904943,
          2.4401724252508563,
          2.463717373470699,
          2.4834717865505156,
          2.502186277061154,
          2.523917413073773,
          2.5466929517496215,
          2.5694832216733015,
          2.59067397205226,
          2.6108362052649206,
          2.6254004973690224,
          2.646854740734112,
          2.662533817403138,
          2.6823383793706417,
          2.70448560812134,
          2.7206855953337734,
          2.7447801511394307,
          2.7699066685791998,
          2.7862737936929447,
          2.8079737551138875,
          2.8254461257747594,
          2.8464002260982095,
          2.869136124221873,
          2.8892340988712424,
          2.9089768332102794,
          2.9246323350464314,
          2.9433581447143538,
          2.963614654299932,
          2.985299186397548,
          3.0046889983287275,
          3.0214201105726564,
          3.0344839320157893,
          3.053026113199255,
          3.0683909913705296,
          3.0827887300075467,
          3.0968728656897073,
          3.114633830328404,
          3.128402903715216,
          3.1489678254705553,
          3.162168397636389,
          3.177733960199736,
          3.19288023225694,
          3.2088225584965357,
          3.2249194041853215,
          3.237903795796253,
          3.252893563508258,
          3.2675848229397837,
          3.2805133098452375,
          3.2927383386257536,
          3.3065869139708166,
          3.3176223424640887,
          3.3309445712317256,
          3.3472021353041987
        ],
        "mapping_curve": [
          54.74415886925867,
          49.29711962532975,
          52.43538314710736,
          62.138279136513255,
          50.073135919412756,
          50.96932954153498,
          49.15566502941292,
          46.60133460553545,
          39.23021382589466,
          40.681943269035244,
          40.2963724349704,
          44.696731130989704,
          35.32160811220834,
          33.132561703632824,
          26.710958809919696,
          34.291252208486796,
          28.962385921589263,
          28.874518137342832,
          29.12526007105941,
          21.46143512565202,
          28.51936872654204,
          26.710036744525695,
          26.821596147661495,
          26.784123752683662,
          27.331403137893695,
          22.22946235383809,
          24.32844839032164,
          21.47512000039395,
          21.28317692007893,
          24.134172478037414,
          23.14049157988937,
          18.354240258657928,
          19.124027024039986,
          19.80664292164197,
          21.986357538415664,
          21.498265205484586,
          16.749542045505265,
          21.556070467149112,
          15.830587276298507,
          19.635418028305715,
          18.780622170218386,
          14.373820706749019,
          19.557363919080274,
          13.697359671225485,
          16.11472685638467,
          20.234660512072768,
          14.74951573023893,
          15.51762365091846,
          24.936280598838476,
          13.600899146482757,
          12.608415062263111,
          12.270919887629189,
          15.57940256302711,
          15.195416052671307,
          13.520284635821124,
          13.035580690921527,
          11.624459150393722,
          11.306789320574824,
          12.358025578638145,
          10.75469143276215,
          14.313625849871476,
          13.36726619758403,
          10.096881462330785,
          16.852660020880045,
          18.01777967486151,
          10.078340137704146,
          12.935726824945933,
          10.310645446271764,
          13.913877895595842,
          13.47908029349872,
          15.137405552935173,
          10.753956767456197,
          9.902098612197658,
          12.94773296408702,
          14.68582200642109,
          14.241918324692104,
          12.194610956151088,
          12.568159321619296,
          7.748005809931748,
          16.4260198050281,
          8.741861591509423,
          11.217631257206838,
          9.115793254191992,
          12.015267750221504,
          8.838698456939484,
          15.086136447246137,
          8.641884904131423,
          10.090387666706414,
          10.134943121023358,
          10.953141150811595,
          9.438005530509121,
          8.016347340964305,
          9.723785401207618,
          9.320462915296595,
          8.131583896648396,
          7.710435219417479,
          9.842407194173006,
          7.946142375691753,
          9.062435684026052,
          10.246107523537795
        ],
        "active_count": 0,
        "active_fraction": 0.0,
        "final_return_mean": -18.38713927522738,
        "final_norm": 3.3472021353041987,
        "final_mapping_mean": 9.713672934073013
      },
      {
        "seed": 112,
        "return_curve": [
          -83.65305602410346,
          -77.50712494134291,
          -69.1401137680957,
          -66.27746015960959,
          -74.80924648046172,
          -49.34518246356933,
          -67.9387331237719,
          -54.107438492024606,
          -60.47827228799572,
          -57.562688905105645,
          -46.87608981383011,
          -41.417068186521746,
          -44.82186537471995,
          -42.15488222281276,
          -38.49280769508677,
          -58.04832719863687,
          -35.032322788748836,
          -35.14287346987859,
          -37.783815719924334,
          -41.20495532896918,
          -30.071408574624492,
          -33.98609994604906,
          -38.10613816913591,
          -29.92634542592475,
          -47.35894236222071,
          -43.18743984577935,
          -32.95785040251018,
          -33.22755439781762,
          -28.377131084666324,
          -26.879278935853726,
          -33.92127835377877,
          -25.37484645691284,
          -27.482805107987872,
          -28.447514000928116,
          -26.06509863065591,
          -31.349791976937247,
          -37.65436542977518,
          -30.876789487801467,
          -28.8669886492687,
          -24.09024113587423,
          -23.235120617525464,
          -28.374477833466635,
          -30.09603683406923,
          -26.43653357773985,
          -23.184037974076354,
          -26.02616122469418,
          -28.018442134674807,
          -24.52099270495889,
          -20.65828806151233,
          -30.973918120372776,
          -22.25984745642652,
          -23.424063157603207,
          -30.771651611499436,
          -21.594230660630153,
          -21.109794265539076,
          -31.960382373091637,
          -22.932619392927503,
          -25.611811705250894,
          -28.341129252293825,
          -22.84139953644668,
          -24.475782247992505,
          -21.59565863024101,
          -21.045187835291138,
          -18.330680532337404,
          -26.674858393363102,
          -24.573142132734667,
          -20.093885048032888,
          -20.33483074225512,
          -19.554200240203755,
          -22.862341985210502,
          -17.82563402125057,
          -23.84374973147153,
          -22.2775401408905,
          -17.52411030521718,
          -18.235669705982822,
          -18.315620778879435,
          -14.905641183315865,
          -19.207110743461058,
          -24.913172145293647,
          -18.14013809894299,
          -15.462977868776232,
          -19.836951612167883,
          -15.925788821599818,
          -21.948809362545582,
          -20.33564938939738,
          -15.473278492477856,
          -24.333426604712,
          -19.99219394856622,
          -13.386562554251586,
          -20.50514091851484,
          -18.10449842575169,
          -16.282671828485398,
          -22.155312179409194,
          -14.099129352960626,
          -16.10280880830582,
          -25.45054326886081,
          -17.630731917091687,
          -19.441459907205576,
          -15.496478057853409,
          -18.13079942653783
        ],
        "norm_curve": [
          0.14039837680177797,
          0.26703308533890874,
          0.3626161626803421,
          0.4445776387366203,
          0.5440480322644295,
          0.6033782608076455,
          0.6850884734280167,
          0.7615409987903312,
          0.8381092316764142,
          0.9127700954260086,
          0.9768135902536264,
          1.0362918032626403,
          1.096758613359398,
          1.153020919132281,
          1.2016833130486457,
          1.2641593543841603,
          1.3100753893780759,
          1.3576795768351977,
          1.407696826914404,
          1.4571355436911688,
          1.4943656313907998,
          1.5356464748209218,
          1.581470812118599,
          1.6170427587451706,
          1.6660149664925892,
          1.7166671666456492,
          1.7554154680229945,
          1.7942848736322383,
          1.8278059957001171,
          1.8590139417247151,
          1.896086014846026,
          1.9250337226090293,
          1.9559485671349233,
          1.9872127215216404,
          2.0166231334202607,
          2.0484716234218534,
          2.0860278499781924,
          2.1187995791621694,
          2.1483049635049336,
          2.1743825099104077,
          2.199183785864226,
          2.228704278973433,
          2.2594953815589727,
          2.2870681921359237,
          2.310675684288536,
          2.33727464498775,
          2.3649944316237033,
          2.38913957769563,
          2.4098959677795113,
          2.439792206293214,
          2.4612326720474655,
          2.483678222712547,
          2.512497316621531,
          2.5327432935784002,
          2.552873130557112,
          2.576658903946809,
          2.5979601969423616,
          2.621647809819455,
          2.6471632133707748,
          2.668184290330866,
          2.6902817079464083,
          2.709677356157856,
          2.7287351919881857,
          2.745319902149391,
          2.7690298743287154,
          2.7906661606404053,
          2.808373474565955,
          2.826206633915175,
          2.8431934382217117,
          2.8627364194357425,
          2.878238975148269,
          2.898624049601005,
          2.917562304283307,
          2.9324957482944387,
          2.9478319298857514,
          2.963776846177358,
          2.9763016736909593,
          2.9922520981157934,
          3.013461619589026,
          3.028638185034761,
          3.041600189661921,
          3.057627874015298,
          3.0709612991053152,
          3.0894801837147385,
          3.1062579735473754,
          3.118955825871593,
          3.138012147557076,
          3.1543077587830304,
          3.164891854809898,
          3.1805059036101038,
          3.19533400853688,
          3.2085743923671326,
          3.225739784657964,
          3.2368935017272165,
          3.249633497985443,
          3.2690368215753645,
          3.2824021114164403,
          3.2973983868756735,
          3.309651046863974,
          3.323504691209651
        ],
        "mapping_curve": [
          56.15935072071118,
          60.448379997432774,
          57.147449908105756,
          49.477416083005316,
          50.02007821861564,
          43.143916165321535,
          46.571673435327604,
          47.309851745028006,
          42.04874853859507,
          40.821134930026716,
          37.416177020465916,
          32.94415543023376,
          32.02551300519425,
          37.30442284881957,
          29.991573749042505,
          37.180150422218944,
          26.6225126226056,
          26.792825097194704,
          27.90644705778573,
          33.45815972563164,
          21.17759127793321,
          26.42397450026088,
          27.4892572545974,
          20.83123691055216,
          31.621160070161647,
          30.220877518078495,
          24.929711415430543,
          23.194754424311046,
          20.06246363493237,
          20.693065873650752,
          24.08882261763103,
          17.0269224048733,
          20.1031081523037,
          19.560864789984127,
          15.808109488972944,
          21.08667673006996,
          23.765495069041734,
          18.973187214902993,
          17.48871013471526,
          16.540185923979948,
          13.736438265583734,
          16.758767735111086,
          17.38869525945581,
          17.304640911117048,
          14.365407478414921,
          15.355627103789809,
          18.376647782580974,
          14.233480639190185,
          12.209669292091803,
          21.014115117132782,
          14.156367184284766,
          14.436292880678375,
          18.68678136233303,
          13.074523145320352,
          12.153372263901467,
          16.431256066439932,
          13.790495399060944,
          15.470947538518134,
          13.577805854317365,
          13.645203893942071,
          13.663934670195221,
          11.614581062406701,
          12.011099563014518,
          9.92937843055672,
          13.832178536924456,
          14.274550319146167,
          10.725963199970717,
          11.995582359251296,
          11.869202325451853,
          11.95324925008786,
          9.418669951466066,
          13.889102689061708,
          13.454912083111768,
          9.335222859152571,
          9.021091892447837,
          9.007119450629837,
          6.894718259872036,
          10.216185911214223,
          13.283335690108096,
          8.992601646843198,
          9.189935772880096,
          11.573988024232527,
          8.604096434420638,
          11.214872509742056,
          11.655357040238624,
          7.876091298538006,
          12.075081860739244,
          9.165473447847058,
          7.560364024979381,
          11.16801249946964,
          9.833490832090597,
          8.515635101464781,
          12.739753651126758,
          7.335466486845526,
          7.686309011009605,
          13.584128952574773,
          10.84302879451805,
          9.750807373344921,
          8.218787276354234,
          8.689119603580421
        ],
        "active_count": 0,
        "active_fraction": 0.0,
        "final_return_mean": -18.50476063727357,
        "final_norm": 3.323504691209651,
        "final_mapping_mean": 9.863989999799847
      },
      {
        "seed": 113,
        "return_curve": [
          -97.96096540078352,
          -80.38536993000898,
          -79.64337206267128,
          -78.85471510285306,
          -63.96332714634541,
          -60.98848245911154,
          -44.5286239629131,
          -59.67310988114792,
          -44.33539814837568,
          -54.22197975341967,
          -58.30726283985096,
          -51.674127450416606,
          -49.54477786025997,
          -39.60584100273083,
          -46.30257443078394,
          -39.11544624568473,
          -45.1577392303509,
          -40.08398302265117,
          -38.7262371442969,
          -36.65316433486651,
          -35.08000720722025,
          -37.88141164216648,
          -26.27887000247161,
          -42.83482155898166,
          -36.87042435405446,
          -34.36511785228695,
          -31.391461138147953,
          -30.512514352426045,
          -30.907146535465937,
          -29.594989331854002,
          -23.87246434320061,
          -30.047507326109347,
          -27.26857355760826,
          -34.450091323994755,
          -27.33158743199486,
          -24.679375810120746,
          -31.31993784157014,
          -29.06557872785377,
          -38.06042530737244,
          -24.351440768368906,
          -27.613913647318803,
          -25.89947948216503,
          -30.800219778615478,
          -27.111514481289987,
          -23.74741035050399,
          -21.34977662730189,
          -23.907072649094708,
          -26.007779709383396,
          -24.75538398504154,
          -30.131130943549273,
          -22.996962828868256,
          -24.250730255852368,
          -24.602001706612366,
          -24.103491202241663,
          -23.844368334941727,
          -25.446783922798733,
          -28.048094162599607,
          -17.280017628410643,
          -25.875644778364794,
          -25.742630908832503,
          -22.633808443455152,
          -23.886178367512304,
          -19.324306036427156,
          -20.12524489952355,
          -24.138145773444894,
          -23.24642324327214,
          -21.309196276538735,
          -25.680909205007346,
          -14.97998041700788,
          -19.5795342915548,
          -15.98924411532273,
          -29.867264816663955,
          -22.753286320375242,
          -18.028054228397142,
          -18.91465776093188,
          -21.35544989135874,
          -21.40322252761633,
          -17.155572262297,
          -22.13953783637127,
          -26.599182652362003,
          -19.962660832128016,
          -18.574030094744245,
          -19.209449535940653,
          -22.447668747092376,
          -21.539729624289933,
          -19.62418389172266,
          -16.238938045099065,
          -22.247698904127937,
          -16.158317472051497,
          -20.826502378701353,
          -20.117545868404,
          -19.121454999425925,
          -20.93008159761894,
          -16.705801341575835,
          -17.448305273171222,
          -24.890242372425625,
          -16.715739662390742,
          -22.196293307421552,
          -15.109904159528213,
          -15.484867439924681
        ],
        "norm_curve": [
          0.15529128660705827,
          0.2649892415588952,
          0.3707653301794672,
          0.4621304873406244,
          0.5380484389111945,
          0.6179742146598275,
          0.6775037330597223,
          0.7567189993627933,
          0.8212680031356132,
          0.895901520144376,
          0.9741564268189267,
          1.042997182165748,
          1.1109993818188466,
          1.164117666909344,
          1.2218076656366879,
          1.2705165944081587,
          1.327921820118879,
          1.3809634167746314,
          1.431835434286776,
          1.478720585476098,
          1.5211051972811875,
          1.5676237884062816,
          1.6007893861907365,
          1.6497236371660164,
          1.6944780975828737,
          1.7352784547534448,
          1.7729426720763048,
          1.8075968242183995,
          1.8441719359593998,
          1.878421837597275,
          1.905685083866502,
          1.9371837487570105,
          1.9680764700613471,
          2.0066112245591654,
          2.0362227442112304,
          2.0636508088196788,
          2.096453229877031,
          2.1271276175986222,
          2.1612428451053143,
          2.187279742310157,
          2.216426407433736,
          2.243946644813857,
          2.2754227411447614,
          2.30372670294238,
          2.3274588897822825,
          2.349871572881452,
          2.3736879508840207,
          2.3991217560061977,
          2.423902692387205,
          2.4520292120643714,
          2.474218243776128,
          2.49650131109603,
          2.5201994601573072,
          2.5433999613853717,
          2.5658281668641267,
          2.5899458485552107,
          2.6162848812056843,
          2.632278444786117,
          2.6565739199817253,
          2.680001144596827,
          2.7007007233132034,
          2.7224752174440865,
          2.7402741792672503,
          2.7587209719867114,
          2.7805755535010515,
          2.8007718538117308,
          2.8200132700166103,
          2.8419315602582715,
          2.8552416108584406,
          2.87245700763404,
          2.886254620227677,
          2.911597800651607,
          2.9313716661549742,
          2.946685986486139,
          2.962623796223471,
          2.9809029873805866,
          2.9986987914271475,
          3.0128189477835927,
          3.0314441015800266,
          3.0522747511462325,
          3.0686456100622315,
          3.0839783795716076,
          3.099552049825549,
          3.1175959351221896,
          3.1346986668091796,
          3.1503256885756827,
          3.163666192761529,
          3.180848408251171,
          3.194127299099832,
          3.2102285679145983,
          3.226051260060368,
          3.240845542175621,
          3.2567335324626496,
          3.2694121866379904,
          3.2830476432031093,
          3.3001454074326197,
          3.313025173335821,
          3.3300154926197267,
          3.3417871789010563,
          3.3538380183819427
        ],
        "mapping_curve": [
          62.11651464282331,
          55.95966456514985,
          56.010975804969235,
          50.364914974583414,
          48.36088808241053,
          50.57660192061386,
          42.48978162831976,
          47.57650677312983,
          35.847349537262716,
          43.99111185708024,
          43.74501075674663,
          45.10830512446547,
          37.34170936475111,
          33.70953671565,
          35.47496068499688,
          31.359288002019454,
          31.480446739493885,
          35.30627548946949,
          32.65394474650858,
          27.73838629236023,
          28.252109257315826,
          27.37766488366649,
          20.001563742851484,
          28.919727882262872,
          27.642873525051105,
          26.994110247812046,
          22.729660283252006,
          21.203086389758045,
          21.073133721022504,
          21.295929849764562,
          18.73110413752422,
          18.756558524835476,
          19.749673075882757,
          24.305514009111135,
          16.676910366947343,
          15.736359967460945,
          20.327747551569225,
          19.2086208868262,
          24.943193067401833,
          17.775207127148814,
          17.135757720590295,
          15.255483652022395,
          18.50053760169857,
          18.674266011843766,
          15.153173161302147,
          16.114130262454395,
          15.019818503147752,
          13.924184199914727,
          14.192419552288806,
          17.803491607471347,
          14.075464709421576,
          15.773754984272019,
          12.6699136831433,
          12.635945507480873,
          14.794796523300056,
          14.347617045576332,
          14.835902710366808,
          9.199382507733782,
          15.179156935286379,
          13.934902115907551,
          14.67916274643466,
          12.360330019271952,
          11.807691332554167,
          13.435841645800835,
          13.025835814266008,
          12.197860787249285,
          12.195098015460411,
          14.629644774816088,
          11.712243490022827,
          12.137575418980314,
          8.317372910974544,
          16.12256548126964,
          12.287531371241371,
          10.090533965868358,
          10.87414545377053,
          10.999873976138913,
          11.05726092813958,
          10.80325449959142,
          12.390119087725635,
          17.069674724790037,
          9.808794980576849,
          10.63894956430518,
          11.211872180108395,
          10.999562899798924,
          9.616305344393947,
          9.160449846380285,
          9.063371368503416,
          12.354891098669572,
          8.751198771312968,
          10.341185321939099,
          10.32011106121549,
          11.3174501390063,
          9.370090131650127,
          8.10259094227525,
          7.986127560971092,
          17.377666167483195,
          8.04550986049973,
          9.572452982238906,
          8.832433724558124,
          7.871656738524062
        ],
        "active_count": 0,
        "active_fraction": 0.0,
        "final_return_mean": -19.277470777389222,
        "final_norm": 3.3538380183819427,
        "final_mapping_mean": 10.037133534220544
      },
      {
        "seed": 114,
        "return_curve": [
          -88.7066429424096,
          -74.10354339072872,
          -63.22518558394172,
          -67.68802114908051,
          -73.46044316449513,
          -62.810745925507604,
          -63.3265309590967,
          -53.84553169816638,
          -58.649071116616064,
          -55.74458652617024,
          -53.57832515092546,
          -54.7058233118885,
          -37.761622394016705,
          -39.91871173273516,
          -46.99640756606803,
          -33.475148709964785,
          -42.38736661590534,
          -33.489228617611744,
          -41.007944075219655,
          -34.19032341582747,
          -31.97710792503433,
          -39.429527049756004,
          -41.10952602584557,
          -40.11123585678844,
          -30.790834537712925,
          -36.613460792732255,
          -34.96260961587782,
          -33.728166676646,
          -41.13362313899786,
          -32.04544198138923,
          -46.89882880811843,
          -43.055323241671644,
          -32.46825455642634,
          -27.66915955868286,
          -35.45504129322431,
          -26.281894144072332,
          -24.524449302881088,
          -24.752476089676925,
          -27.691031103071186,
          -31.011707185277025,
          -28.151926280108178,
          -24.40820007437088,
          -22.43807285064487,
          -25.12459848589187,
          -21.959080049365276,
          -20.550520178277015,
          -28.88581364094432,
          -24.90164998626198,
          -22.954280405811158,
          -18.57384695067387,
          -22.646068651474003,
          -28.01197808793744,
          -25.372473670130052,
          -24.79844537243409,
          -26.564127053219828,
          -28.021754821579872,
          -23.426686345381817,
          -20.716928975816437,
          -20.378061292050443,
          -21.516851334007203,
          -24.93103086943598,
          -26.092615320612047,
          -18.279485646852642,
          -19.072261752978683,
          -19.817837105419155,
          -20.89442439119321,
          -25.293559166033113,
          -23.224836306051476,
          -20.237185561145196,
          -19.33748040827215,
          -19.691689356393095,
          -17.665908425163174,
          -20.920389759716304,
          -28.925108315914247,
          -16.01380760363842,
          -20.593468819597444,
          -22.30351769807944,
          -16.880651218186557,
          -22.092818923425146,
          -16.63159016843415,
          -23.716690209560575,
          -17.925057105009465,
          -21.157360241970974,
          -18.59399897513631,
          -17.82812728077538,
          -17.17818131001486,
          -17.286377572355967,
          -18.390267388280034,
          -16.632592425057243,
          -24.876964793553604,
          -22.058444907985994,
          -21.333622882017373,
          -18.960400775262027,
          -18.34230795905433,
          -14.328638276235983,
          -18.56960850213325,
          -14.420255563814147,
          -24.38142598352419,
          -12.90835070481138,
          -16.439072734157218
        ],
        "norm_curve": [
          0.14206627761061758,
          0.25782728328713955,
          0.3378819091877221,
          0.4339514439291828,
          0.5191921419500457,
          0.6154206261310214,
          0.6960435162649643,
          0.7698868396058623,
          0.8431872576528001,
          0.9181346852861306,
          0.9897448710598619,
          1.0545024007638906,
          1.1080624568831685,
          1.1642184418895067,
          1.222772723405045,
          1.2698436055508167,
          1.3254569856555363,
          1.367524187361339,
          1.4191471760721002,
          1.4622201275798854,
          1.5039154606304554,
          1.5518359329777731,
          1.5958925761527585,
          1.6434128838969675,
          1.6800502173656355,
          1.7239036831318484,
          1.7664075987237167,
          1.8056397379410516,
          1.8507437771228001,
          1.8878470175906554,
          1.9331227738187808,
          1.9756927559676802,
          2.011462836206237,
          2.0416210578437566,
          2.078201297596007,
          2.102883783157677,
          2.1292232546441325,
          2.155082592661385,
          2.1838071356692828,
          2.2154086840852654,
          2.2451295405886005,
          2.2703796819774302,
          2.293410054497261,
          2.3190455916953265,
          2.34140054257129,
          2.362377451731219,
          2.3899007194035593,
          2.413166633908147,
          2.4357572424403324,
          2.4537580604919693,
          2.4764029552128113,
          2.5025817048972816,
          2.5254044889460485,
          2.5494608223454867,
          2.573611535871708,
          2.5997514791394294,
          2.621394835019101,
          2.640663876392784,
          2.6589739057108646,
          2.678558084527268,
          2.7013246689699835,
          2.7250762915557067,
          2.7418181534081283,
          2.7588074649766225,
          2.7766722618102864,
          2.7953564210380644,
          2.817519764547448,
          2.838154205204939,
          2.856115224040851,
          2.8730303894815776,
          2.890398298680511,
          2.9053211811444837,
          2.92278662889885,
          2.9475347299767205,
          2.961162462943614,
          2.978212529232821,
          2.9967481897916977,
          3.0108594320237296,
          3.028276800768128,
          3.0424621630365687,
          3.0618967905364998,
          3.0767285004558254,
          3.0934664063639614,
          3.108437844348246,
          3.123317110181104,
          3.1373174483946697,
          3.15113231563711,
          3.1658822823601445,
          3.179713912600237,
          3.2001964983486513,
          3.2175928044179223,
          3.2339170363125826,
          3.2488920022654195,
          3.2633031920533115,
          3.274336504956189,
          3.2888804619503227,
          3.2999441198127952,
          3.3163777337771156,
          3.326543539411112,
          3.3389479761876983
        ],
        "mapping_curve": [
          56.82651104424702,
          56.6233715103997,
          50.624896271224515,
          48.45548180043167,
          55.6859952866592,
          50.6833293483791,
          42.288793298044794,
          43.59357954447177,
          41.57169629321337,
          47.7627666902451,
          38.62327374453997,
          43.31870646862154,
          26.72088115956026,
          32.290056700135146,
          31.902589754032903,
          28.706902730278546,
          34.5658564048856,
          24.824130066498483,
          34.09308509135966,
          28.098120073109968,
          24.684890085617806,
          29.424016270518248,
          26.494163429061267,
          26.848235906826968,
          25.045693039870674,
          27.91033563330057,
          24.83120467538563,
          22.564752826600365,
          30.017743709363394,
          20.759581394176223,
          25.69133338867473,
          26.88010804162434,
          22.726796995073926,
          17.973352732418963,
          22.22762671079937,
          18.719218748910208,
          15.301219578147737,
          15.740509599181848,
          18.364197912129402,
          18.425478934551805,
          17.082185082201615,
          16.97426382355652,
          15.56671419244504,
          16.82254530095751,
          13.142363195483139,
          14.888478939984997,
          17.3424557296005,
          14.888362195877374,
          12.072381444379424,
          11.028897556080702,
          14.229565542445284,
          17.850204201577938,
          16.379382494557326,
          13.66326370034355,
          15.092844440393707,
          15.59326503837236,
          11.79093366985373,
          11.895387226835668,
          12.24237533350078,
          11.640086199955926,
          16.821880394678494,
          12.184811086654486,
          11.10388338856486,
          12.28964675607038,
          10.661191534356911,
          11.538923659602736,
          15.484450809879126,
          12.160073780020339,
          10.48200264894579,
          11.038949889143801,
          11.345223092264298,
          9.399086052642149,
          10.15225868049872,
          14.067191953365466,
          9.89642984768501,
          12.048594966076829,
          11.726799563419807,
          11.013887437452283,
          11.860365085206814,
          8.908413894020088,
          10.287976246415457,
          9.634775868345569,
          10.17128572322367,
          10.524151189215441,
          10.11007415632089,
          8.42240430517437,
          9.83523221759976,
          8.3546943668692,
          10.117850341240713,
          14.135406711672347,
          9.947127408792452,
          10.84782400308513,
          10.81517087537429,
          9.411330173600426,
          6.872204392469215,
          8.601067579930387,
          7.30268316199027,
          19.66451287236572,
          8.040941427919401,
          9.21480870700188
        ],
        "active_count": 0,
        "active_fraction": 0.0,
        "final_return_mean": -18.766387279535515,
        "final_norm": 3.3389479761876983,
        "final_mapping_mean": 10.115576086430329
      }
    ],
    "final_mean": -18.835071141578528,
    "final_sd": 0.4104341190762899,
    "active_mean": 0.0,
    "active_sd": 0.0,
    "norm_mean": 3.3389931935466897,
    "norm_sd": 0.012085139673898461,
    "mapping_mean": 9.96676423325562,
    "mapping_sd": 0.1734914798149567
  },
  "paired_constrained_minus_unconstrained": {
    "mean": -10.38679031173179,
    "sd": 0.18621189614556072,
    "ci95": [
      -10.61800291921299,
      -10.15557770425059
    ]
  }
}
